// Jest Snapshot v1, https://goo.gl/fbAQLP

exports[`ProductTitle Debe mostrarse correctamente con el titulo personalizado 1`] = `
<span
  className="productDescription custom-title"
>
  Custom Product
</span>
`;

exports[`ProductTitle debe mostrar el componente con el nombre del product 1`] = `
<div
  className="productCard undefined"
>
  <span
    className="productDescription undefined"
  >
    Coffe Mug - Sin Imagen
  </span>
</div>
`;
